-------------------------------------------------------------------------------
AGILENT 3070 BOARD TEST GRADER               Tue May 17 14:38:04 2022  page 1  

Digital Incircuit      Logic Level Sensitivity REPORT
-------------------------------------------------------------------------------

Board Path:              ./
Board Serial #:          Board1
Date of Data generation: Tue May 17 14:27:26 2022

Number of test runs (in config.bdg): 1
Number of tests: 51

Positive Variation: 10.00%
Negative Variation: 10.00%

Designator                                 -Changed Drive-  Changed Receive Com
                                           # Pass   # Fail  # Pass  # Fail  Ref

U24                                            12       0       2       0   ...
U1_1V2S                                         4       0       2       0   ...
U1_5                                            6       0       2       0   ...
U1_RTV1                                         6       0       2       0   ...
U1_RTV2                                         6       0       2       0   ...
U1_SF0                                          4       0       2       0   ...
U1_SF1                                          4       0       2       0   ...
U15_5V                                          4       0       2       0   ...
U16_3V3                                         4       0       2       0   ...
U13_PM                                          8       0       2       0   ...
U56                                             6       0       2       0   ...
U72                                             8       0       2       0   ...
U59                                             8       0       2       0   ...
U3_A                                            4       0       2       0   ...
U4                                              2       0       2       0   ...
U7                                             10       0       6       0   ...
U25                                            18       0       6       0   ...
U46                                             2       0       2       0   ...
U48                                            18       0      10       0   ...
U96                                            16       0       6       0   ...
U57                                            20       0       2       0   ...
U19                                             4       0       4       0   ...
U20                                            10       0       6       0   ...
U21                                            10       0       6       0   ...
U23                                             6       0       2       0   ...
U26                                            10       0      18       0   ...
U27                                            10       0      18       0   ...
U31                                            10       0      18       0   ...
U32                                            10       0      18       0   ...
U35                                            10       0      18       0   ...
U36                                            10       0      16       0   ...
U40                                             8       0      14       0   ...
U41                                            10       0       8       0   ...
U42                                            14       0      10       0   ...
U43                                            34       0      32       0   ...
U55                                            12       0      12       0   ...
U103                                           10       0      18       0   ...
U106                                           10       0      18       0   ...
U107                                           10       0      18       0   ...
U108                                           10       0      18       0   ...
U115                                           10       0      18       0   ...
U116                                           10       0      16       0   ...
U138                                            8       0       4       0   ...
U8                                             20       0       8       0   ...
U10                                            18       0       6       0   ...
U12                                             8       0       4       0   ...
U6                                              4       0       4       0   ...
U14                                             4       0       4       0   ...
U50                                            20       0      12       0   ...
U61                                            20       0      14       0   ...
U45                                             4       0       2       0   ...

For more Information, please examine: dig_inc_ver_fau.dat
